[wpthemebooster.com/demo/themeforest/html/ducatibox/index-3.html]
[wpthemebooster.com/demo/themeforest/html/ducatibox/assets/img/favicon.png]
[backblue.gif]
[fade.gif]
[index.html]
[wpthemebooster.com/demo/themeforest/html/ducatibox/index.html]
[wpthemebooster.com/demo/themeforest/html/ducatibox/index-2.html]
[wpthemebooster.com/demo/themeforest/html/ducatibox/about.html]
[wpthemebooster.com/demo/themeforest/html/ducatibox/case.html]
[wpthemebooster.com/demo/themeforest/html/ducatibox/case-details.html]
[wpthemebooster.com/demo/themeforest/html/ducatibox/team-1.html]
[wpthemebooster.com/demo/themeforest/html/ducatibox/team-2.html]
[wpthemebooster.com/demo/themeforest/html/ducatibox/team-details.html]
[wpthemebooster.com/demo/themeforest/html/ducatibox/shop.html]
[wpthemebooster.com/demo/themeforest/html/ducatibox/shop-product.html]
[wpthemebooster.com/demo/themeforest/html/ducatibox/shop-cart.html]
[wpthemebooster.com/demo/themeforest/html/ducatibox/shop-checkout.html]
[wpthemebooster.com/demo/themeforest/html/ducatibox/coming-soon.html]
[wpthemebooster.com/demo/themeforest/html/ducatibox/404.html]
[wpthemebooster.com/demo/themeforest/html/ducatibox/login.html]
[wpthemebooster.com/demo/themeforest/html/ducatibox/services-1.html]
[wpthemebooster.com/demo/themeforest/html/ducatibox/services-2.html]
[wpthemebooster.com/demo/themeforest/html/ducatibox/service-details.html]
[wpthemebooster.com/demo/themeforest/html/ducatibox/blog-grid.html]
[wpthemebooster.com/demo/themeforest/html/ducatibox/blog-grid-2.html]
[wpthemebooster.com/demo/themeforest/html/ducatibox/blog-list.html]
[wpthemebooster.com/demo/themeforest/html/ducatibox/blog-details.html]
[wpthemebooster.com/demo/themeforest/html/ducatibox/contact-1.html]
[wpthemebooster.com/demo/themeforest/html/ducatibox/contact-2.html]
[wpthemebooster.com/demo/themeforest/html/ducatibox/assets/img/slider/10.jpg]
[wpthemebooster.com/demo/themeforest/html/ducatibox/assets/img/slider/car-2.png]
[wpthemebooster.com/demo/themeforest/html/ducatibox/assets/img/slider/car-light.png]
[wpthemebooster.com/demo/themeforest/html/ducatibox/assets/img/more/object4.png]
[wpthemebooster.com/demo/themeforest/html/ducatibox/assets/img/more/5.png]
[wpthemebooster.com/demo/themeforest/html/ducatibox/assets/img/more/object2.png]
[wpthemebooster.com/demo/themeforest/html/ducatibox/assets/img/more/author.png]
[wpthemebooster.com/demo/themeforest/html/ducatibox/assets/img/more/6.png]
[wpthemebooster.com/demo/themeforest/html/ducatibox/assets/img/more/object3.png]
[wpthemebooster.com/demo/themeforest/html/ducatibox/assets/img/background/bg-1.png]
[wpthemebooster.com/demo/themeforest/html/ducatibox/assets/img/services/10.jpg]
[wpthemebooster.com/demo/themeforest/html/ducatibox/assets/img/services/11.jpg]
[wpthemebooster.com/demo/themeforest/html/ducatibox/assets/img/services/12.jpg]
[wpthemebooster.com/demo/themeforest/html/ducatibox/assets/img/more/4.png]
[wpthemebooster.com/demo/themeforest/html/ducatibox/assets/img/more/indicator-line-1.png]
[wpthemebooster.com/demo/themeforest/html/ducatibox/assets/img/more/plus.png]
[wpthemebooster.com/demo/themeforest/html/ducatibox/assets/img/more/indicator-line-2.png]
[wpthemebooster.com/demo/themeforest/html/ducatibox/assets/img/more/indicator-line-3.png]
[wpthemebooster.com/demo/themeforest/html/ducatibox/assets/img/more/indicator-line-4.png]
[wpthemebooster.com/demo/themeforest/html/ducatibox/assets/img/more/radial.png]
[wpthemebooster.com/demo/themeforest/html/ducatibox/assets/img/background/bg-11.png]
[wpthemebooster.com/demo/themeforest/html/ducatibox/assets/img/services/icon-1.png]
[wpthemebooster.com/demo/themeforest/html/ducatibox/assets/img/services/icon-2.png]
[wpthemebooster.com/demo/themeforest/html/ducatibox/assets/img/services/icon-3.png]
[wpthemebooster.com/demo/themeforest/html/ducatibox/assets/img/more/car.png]
[wpthemebooster.com/demo/themeforest/html/ducatibox/assets/img/services/icon-4.png]
[wpthemebooster.com/demo/themeforest/html/ducatibox/assets/img/services/icon-5.png]
[wpthemebooster.com/demo/themeforest/html/ducatibox/assets/img/services/icon-6.png]
[wpthemebooster.com/demo/themeforest/html/ducatibox/assets/img/background/bg-9.jpg]
[wpthemebooster.com/demo/themeforest/html/ducatibox/assets/img/background/bg-10.jpg]
[wpthemebooster.com/demo/themeforest/html/ducatibox/assets/img/services/13.jpg]
[wpthemebooster.com/demo/themeforest/html/ducatibox/assets/img/clients/logo-07.png]
[wpthemebooster.com/demo/themeforest/html/ducatibox/assets/img/clients/logo-08.png]
[wpthemebooster.com/demo/themeforest/html/ducatibox/assets/img/clients/logo-09.png]
[wpthemebooster.com/demo/themeforest/html/ducatibox/assets/img/clients/logo-10.png]
[wpthemebooster.com/demo/themeforest/html/ducatibox/assets/img/clients/logo-11.png]
[wpthemebooster.com/demo/themeforest/html/ducatibox/assets/img/clients/logo-12.png]
[wpthemebooster.com/demo/themeforest/html/ducatibox/assets/img/background/bg-7.jpg]
[wpthemebooster.com/demo/themeforest/html/ducatibox/assets/img/blog/1.jpg]
[wpthemebooster.com/demo/themeforest/html/ducatibox/assets/img/blog/2.jpg]
[wpthemebooster.com/demo/themeforest/html/ducatibox/assets/img/blog/3.jpg]
[wpthemebooster.com/demo/themeforest/html/ducatibox/assets/img/blog/4.jpg]
[wpthemebooster.com/demo/themeforest/html/ducatibox/assets/img/background/bg-4.png]
[wpthemebooster.com/demo/themeforest/html/ducatibox/assets/img/more/1.png]
[wpthemebooster.com/demo/themeforest/html/ducatibox/assets/js/jquery-3.6.0.min.js]
[wpthemebooster.com/demo/themeforest/html/ducatibox/assets/js/bootstrap.min.js]
[wpthemebooster.com/demo/themeforest/html/ducatibox/plugins/wow/wow.min.js]
[wpthemebooster.com/demo/themeforest/html/ducatibox/plugins/swiper/swiper-bundle.min.js]
[wpthemebooster.com/demo/themeforest/html/ducatibox/plugins/odometer/appear.js]
[wpthemebooster.com/demo/themeforest/html/ducatibox/plugins/odometer/odometer.js]
[wpthemebooster.com/demo/themeforest/html/ducatibox/plugins/fancybox/jquery.fancybox.min.js]
[wpthemebooster.com/demo/themeforest/html/ducatibox/plugins/flatpickr/flatpickr.min.js]
[wpthemebooster.com/demo/themeforest/html/ducatibox/plugins/nice-select/jquery.nice-select.min.js]
[wpthemebooster.com/demo/themeforest/html/ducatibox/assets/js/theme.js]
[wpthemebooster.com/demo/themeforest/html/ducatibox/index-3.html]
[wpthemebooster.com/demo/themeforest/html/ducatibox/assets/img/apple-touch-icon.html]
[wpthemebooster.com/demo/themeforest/html/ducatibox/assets/img/apple-touch-icon-72x72.html]
[wpthemebooster.com/demo/themeforest/html/ducatibox/assets/img/apple-touch-icon-114x114.html]
[wpthemebooster.com/demo/themeforest/html/ducatibox/assets/img/apple-touch-icon-144x144.html]
[wpthemebooster.com/demo/themeforest/html/ducatibox/assets/css/main.css]
[wpthemebooster.com/demo/themeforest/html/ducatibox/assets/img/preloader-logo.svg]
[wpthemebooster.com/demo/themeforest/html/ducatibox/assets/img/preloader-wheel.svg]
[wpthemebooster.com/demo/themeforest/html/ducatibox/assets/img/preloader-logo-text.svg]
[wpthemebooster.com/demo/themeforest/html/ducatibox/assets/img/slider/1.jpg]
[wpthemebooster.com/demo/themeforest/html/ducatibox/assets/img/slider/layer-1.png]
[wpthemebooster.com/demo/themeforest/html/ducatibox/assets/img/slider/layer-2.png]
[wpthemebooster.com/demo/themeforest/html/ducatibox/assets/img/slider/2.jpg]
[wpthemebooster.com/demo/themeforest/html/ducatibox/assets/img/slider/3.jpg]
[wpthemebooster.com/demo/themeforest/html/ducatibox/assets/img/services/1.jpg]
[wpthemebooster.com/demo/themeforest/html/ducatibox/assets/img/services/2.jpg]
[wpthemebooster.com/demo/themeforest/html/ducatibox/assets/img/services/3.jpg]
[wpthemebooster.com/demo/themeforest/html/ducatibox/assets/img/background/bg-2.png]
[wpthemebooster.com/demo/themeforest/html/ducatibox/assets/img/more/2.png]
[wpthemebooster.com/demo/themeforest/html/ducatibox/assets/img/background/bg-5.jpg]
[wpthemebooster.com/demo/themeforest/html/ducatibox/assets/img/more/object1.png]
[wpthemebooster.com/demo/themeforest/html/ducatibox/assets/img/clients/logo-01.png]
[wpthemebooster.com/demo/themeforest/html/ducatibox/assets/img/clients/logo-02.png]
[wpthemebooster.com/demo/themeforest/html/ducatibox/assets/img/clients/logo-03.png]
[wpthemebooster.com/demo/themeforest/html/ducatibox/assets/img/clients/logo-04.png]
[wpthemebooster.com/demo/themeforest/html/ducatibox/assets/img/clients/logo-05.png]
[wpthemebooster.com/demo/themeforest/html/ducatibox/assets/img/clients/logo-06.png]
[wpthemebooster.com/demo/themeforest/html/ducatibox/assets/img/background/bg-3.jpg]
[wpthemebooster.com/demo/themeforest/html/ducatibox/assets/img/testimonial/1.jpg]
[wpthemebooster.com/demo/themeforest/html/ducatibox/assets/img/testimonial/2.jpg]
[wpthemebooster.com/demo/themeforest/html/ducatibox/assets/img/testimonial/3.jpg]
[wpthemebooster.com/demo/themeforest/html/ducatibox/assets/js/pricetable-toggler.js]
[wpthemebooster.com/demo/themeforest/html/ducatibox/index.html]
[wpthemebooster.com/demo/themeforest/html/ducatibox/assets/img/logo.svg]
[wpthemebooster.com/demo/themeforest/html/ducatibox/assets/img/slider/image-1.png]
[wpthemebooster.com/demo/themeforest/html/ducatibox/assets/img/slider/image-2.png]
[wpthemebooster.com/demo/themeforest/html/ducatibox/assets/img/slider/image-3.png]
[wpthemebooster.com/demo/themeforest/html/ducatibox/assets/img/shop/1.png]
[wpthemebooster.com/demo/themeforest/html/ducatibox/assets/img/shop/2.png]
[wpthemebooster.com/demo/themeforest/html/ducatibox/assets/img/shop/3.png]
[wpthemebooster.com/demo/themeforest/html/ducatibox/assets/img/shop/4.png]
[wpthemebooster.com/demo/themeforest/html/ducatibox/assets/img/shop/5.png]
[wpthemebooster.com/demo/themeforest/html/ducatibox/assets/img/shop/6.png]
[wpthemebooster.com/demo/themeforest/html/ducatibox/assets/img/shop/7.png]
[wpthemebooster.com/demo/themeforest/html/ducatibox/assets/img/shop/8.png]
[wpthemebooster.com/demo/themeforest/html/ducatibox/assets/img/shop/9.png]
[wpthemebooster.com/demo/themeforest/html/ducatibox/assets/img/background/bg-6.jpg]
[wpthemebooster.com/demo/themeforest/html/ducatibox/assets/img/more/3.png]
[wpthemebooster.com/demo/themeforest/html/ducatibox/assets/img/services/18.jpg]
[wpthemebooster.com/demo/themeforest/html/ducatibox/assets/img/services/19.jpg]
[wpthemebooster.com/demo/themeforest/html/ducatibox/assets/img/services/20.jpg]
[wpthemebooster.com/demo/themeforest/html/ducatibox/assets/img/services/21.jpg]
[wpthemebooster.com/demo/themeforest/html/ducatibox/assets/img/services/22.jpg]
[wpthemebooster.com/demo/themeforest/html/ducatibox/assets/img/services/23.jpg]
[wpthemebooster.com/demo/themeforest/html/ducatibox/assets/img/background/bg-8.jpg]
[wpthemebooster.com/demo/themeforest/html/ducatibox/assets/img/shop/sm-1.png]
[wpthemebooster.com/demo/themeforest/html/ducatibox/assets/img/shop/sm-2.png]
[wpthemebooster.com/demo/themeforest/html/ducatibox/assets/img/shop/sm-3.png]
[wpthemebooster.com/demo/themeforest/html/ducatibox/assets/img/shop/sm-4.png]
[wpthemebooster.com/demo/themeforest/html/ducatibox/assets/img/shop/sm-5.png]
[wpthemebooster.com/demo/themeforest/html/ducatibox/assets/img/shop/sm-6.png]
[wpthemebooster.com/demo/themeforest/html/ducatibox/assets/img/shop/sm-7.png]
[wpthemebooster.com/demo/themeforest/html/ducatibox/plugins/isotope/isotope.pkgd.min.js]
[wpthemebooster.com/demo/themeforest/html/ducatibox/plugins/isotope/imagesloaded.pkgd.min.js]
[wpthemebooster.com/demo/themeforest/html/ducatibox/plugins/isotope/jquery.hoverdir.js]
[wpthemebooster.com/demo/themeforest/html/ducatibox/plugins/isotope/modernizr-custom.js]
[wpthemebooster.com/demo/themeforest/html/ducatibox/plugins/isotope/isotope-init.js]
[wpthemebooster.com/demo/themeforest/html/ducatibox/assets/js/map.js]
[wpthemebooster.com/demo/themeforest/html/ducatibox/index-2.html]
[wpthemebooster.com/demo/themeforest/html/ducatibox/assets/img/background/page-header-bg.jpg]
[wpthemebooster.com/demo/themeforest/html/ducatibox/assets/img/background/bg-11.jpg]
[wpthemebooster.com/demo/themeforest/html/ducatibox/assets/img/team/1.jpg]
[wpthemebooster.com/demo/themeforest/html/ducatibox/assets/img/team/2.jpg]
[wpthemebooster.com/demo/themeforest/html/ducatibox/assets/img/team/3.jpg]
[wpthemebooster.com/demo/themeforest/html/ducatibox/assets/img/team/4.jpg]
[wpthemebooster.com/demo/themeforest/html/ducatibox/assets/img/team/5.jpg]
[wpthemebooster.com/demo/themeforest/html/ducatibox/assets/img/team/6.jpg]
[wpthemebooster.com/demo/themeforest/html/ducatibox/assets/img/team/7.jpg]
[wpthemebooster.com/demo/themeforest/html/ducatibox/about.html]
[wpthemebooster.com/demo/themeforest/html/ducatibox/assets/img/services/14.jpg]
[wpthemebooster.com/demo/themeforest/html/ducatibox/assets/img/services/15.jpg]
[wpthemebooster.com/demo/themeforest/html/ducatibox/assets/img/services/16.jpg]
[wpthemebooster.com/demo/themeforest/html/ducatibox/assets/img/services/17.jpg]
[wpthemebooster.com/demo/themeforest/html/ducatibox/case.html]
[wpthemebooster.com/demo/themeforest/html/ducatibox/assets/img/services/details-2.jpg]
[wpthemebooster.com/demo/themeforest/html/ducatibox/case-details.html]
[wpthemebooster.com/demo/themeforest/html/ducatibox/assets/img/team/8.jpg]
[wpthemebooster.com/demo/themeforest/html/ducatibox/assets/img/team/9.jpg]
[wpthemebooster.com/demo/themeforest/html/ducatibox/team-1.html]
[wpthemebooster.com/demo/themeforest/html/ducatibox/team-2.html]
[wpthemebooster.com/demo/themeforest/html/ducatibox/assets/img/team/10.jpg]
[wpthemebooster.com/demo/themeforest/html/ducatibox/team-details.html]
[wpthemebooster.com/demo/themeforest/html/ducatibox/plugins/jquery_ui/jquery-ui.1.12.1.min.js]
[wpthemebooster.com/demo/themeforest/html/ducatibox/plugins/price-range/price-filter.js]
[wpthemebooster.com/demo/themeforest/html/ducatibox/shop.html]
[wpthemebooster.com/demo/themeforest/html/ducatibox/assets/img/shop/single/1.png]
[wpthemebooster.com/demo/themeforest/html/ducatibox/assets/img/shop/single/2.png]
[wpthemebooster.com/demo/themeforest/html/ducatibox/assets/img/shop/single/3.png]
[wpthemebooster.com/demo/themeforest/html/ducatibox/assets/img/shop/single/4.png]
[wpthemebooster.com/demo/themeforest/html/ducatibox/assets/img/blog/commenter-1.jpg]
[wpthemebooster.com/demo/themeforest/html/ducatibox/assets/img/blog/commenter-2.jpg]
[wpthemebooster.com/demo/themeforest/html/ducatibox/plugins/imagezoom/jquery.zoom.js]
[wpthemebooster.com/demo/themeforest/html/ducatibox/shop-product.html]
[wpthemebooster.com/demo/themeforest/html/ducatibox/shop-cart.html]
[wpthemebooster.com/demo/themeforest/html/ducatibox/shop-checkout.html]
[wpthemebooster.com/demo/themeforest/html/ducatibox/assets/img/background/bg-12.jpg]
[wpthemebooster.com/demo/themeforest/html/ducatibox/coming-soon.html]
[wpthemebooster.com/demo/themeforest/html/ducatibox/assets/img/more/wheel.png]
[wpthemebooster.com/demo/themeforest/html/ducatibox/404.html]
[wpthemebooster.com/demo/themeforest/html/ducatibox/login.html]
[wpthemebooster.com/demo/themeforest/html/ducatibox/assets/img/services/4.jpg]
[wpthemebooster.com/demo/themeforest/html/ducatibox/assets/img/services/5.jpg]
[wpthemebooster.com/demo/themeforest/html/ducatibox/assets/img/services/6.jpg]
[wpthemebooster.com/demo/themeforest/html/ducatibox/assets/img/services/7.jpg]
[wpthemebooster.com/demo/themeforest/html/ducatibox/assets/img/services/8.jpg]
[wpthemebooster.com/demo/themeforest/html/ducatibox/assets/img/services/9.jpg]
[wpthemebooster.com/demo/themeforest/html/ducatibox/services-1.html]
[wpthemebooster.com/demo/themeforest/html/ducatibox/services-2.html]
[wpthemebooster.com/demo/themeforest/html/ducatibox/assets/img/services/details.jpg]
[wpthemebooster.com/demo/themeforest/html/ducatibox/assets/img/more/banner.jpg]
[wpthemebooster.com/demo/themeforest/html/ducatibox/assets/img/more/banner-shape.png]
[wpthemebooster.com/demo/themeforest/html/ducatibox/service-details.html]
[wpthemebooster.com/demo/themeforest/html/ducatibox/blog-grid.html]
[wpthemebooster.com/demo/themeforest/html/ducatibox/assets/img/blog/9.jpg]
[wpthemebooster.com/demo/themeforest/html/ducatibox/assets/img/blog/10.jpg]
[wpthemebooster.com/demo/themeforest/html/ducatibox/assets/img/blog/11.jpg]
[wpthemebooster.com/demo/themeforest/html/ducatibox/assets/img/blog/12.jpg]
[wpthemebooster.com/demo/themeforest/html/ducatibox/blog-grid-2.html]
[wpthemebooster.com/demo/themeforest/html/ducatibox/assets/img/blog/author-2.jpg]
[wpthemebooster.com/demo/themeforest/html/ducatibox/blog-list.html]
[wpthemebooster.com/demo/themeforest/html/ducatibox/assets/img/blog/details.jpg]
[wpthemebooster.com/demo/themeforest/html/ducatibox/assets/img/blog/17.jpg]
[wpthemebooster.com/demo/themeforest/html/ducatibox/assets/img/blog/18.jpg]
[wpthemebooster.com/demo/themeforest/html/ducatibox/assets/img/blog/19.jpg]
[wpthemebooster.com/demo/themeforest/html/ducatibox/assets/img/blog/details2.jpg]
[wpthemebooster.com/demo/themeforest/html/ducatibox/blog-details.html]
[wpthemebooster.com/demo/themeforest/html/ducatibox/contact-1.html]
[wpthemebooster.com/demo/themeforest/html/ducatibox/contact-2.html]
[wpthemebooster.com/demo/themeforest/html/ducatibox/faq.html]
[wpthemebooster.com/demo/themeforest/html/ducatibox/assets/fonts/bootstrap-icons-1.1/font/fonts/bootstrap-icons09cf.woff2]
[wpthemebooster.com/demo/themeforest/html/ducatibox/assets/fonts/bootstrap-icons-1.1/font/fonts/bootstrap-icons09cf.woff]
[wpthemebooster.com/demo/themeforest/html/ducatibox/assets/fonts/bootstrap-icons-1.1/font/bootstrap-icons.css]
[wpthemebooster.com/demo/themeforest/html/ducatibox/assets/css/bootstrap.min.css]
[wpthemebooster.com/demo/themeforest/html/ducatibox/plugins/jquery_ui/style.css]
[wpthemebooster.com/demo/themeforest/html/ducatibox/assets/css/animation.css]
[wpthemebooster.com/demo/themeforest/html/ducatibox/plugins/wow/animate.css]
[wpthemebooster.com/demo/themeforest/html/ducatibox/plugins/swiper/swiper-bundle.min.css]
[wpthemebooster.com/demo/themeforest/html/ducatibox/plugins/odometer/odometer-theme-default.css]
[wpthemebooster.com/demo/themeforest/html/ducatibox/plugins/fancybox/jquery.fancybox.css]
[wpthemebooster.com/demo/themeforest/html/ducatibox/plugins/fullcalendar/fullcalendar.min.css]
[wpthemebooster.com/demo/themeforest/html/ducatibox/plugins/flatpickr/flatpickr.css]
[wpthemebooster.com/demo/themeforest/html/ducatibox/plugins/nice-select/nice-select.css]
[wpthemebooster.com/demo/themeforest/html/ducatibox/assets/css/global.css]
[wpthemebooster.com/demo/themeforest/html/ducatibox/assets/css/header.css]
[wpthemebooster.com/demo/themeforest/html/ducatibox/assets/css/footer.css]
[wpthemebooster.com/demo/themeforest/html/ducatibox/assets/css/preloader.css]
[wpthemebooster.com/demo/themeforest/html/ducatibox/assets/css/shop.css]
[wpthemebooster.com/demo/themeforest/html/ducatibox/assets/img/slider/layer-3.png]
[wpthemebooster.com/demo/themeforest/html/ducatibox/assets/img/slider/layer-4.png]
[wpthemebooster.com/demo/themeforest/html/ducatibox/assets/img/more/price-bg.jpg]
[wpthemebooster.com/demo/themeforest/html/ducatibox/assets/css/components.css]
[wpthemebooster.com/demo/themeforest/html/ducatibox/assets/css/contact.css]
[wpthemebooster.com/demo/themeforest/html/ducatibox/assets/css/blog.css]
[wpthemebooster.com/demo/themeforest/html/ducatibox/assets/css/sidebar.css]
[wpthemebooster.com/demo/themeforest/html/ducatibox/assets/css/portfolio.css]
[wpthemebooster.com/demo/themeforest/html/ducatibox/assets/css/style.css]
[wpthemebooster.com/demo/themeforest/html/ducatibox/assets/css/responsive.css]
[wpthemebooster.com/demo/themeforest/html/ducatibox/assets/img/background/bg-2-light.png]
[wpthemebooster.com/demo/themeforest/html/ducatibox/assets/img/background/bg-1-light.png]
[wpthemebooster.com/demo/themeforest/html/ducatibox/assets/css/light.css]
[wpthemebooster.com/demo/themeforest/html/ducatibox/blog.html]
[wpthemebooster.com/demo/themeforest/html/ducatibox/plugins/jquery_ui/images/ui-icons_444444_256x240.html]
[wpthemebooster.com/demo/themeforest/html/ducatibox/plugins/jquery_ui/images/ui-icons_555555_256x240.html]
[wpthemebooster.com/demo/themeforest/html/ducatibox/plugins/jquery_ui/images/ui-icons_ffffff_256x240.html]
[wpthemebooster.com/demo/themeforest/html/ducatibox/plugins/jquery_ui/images/ui-icons_777620_256x240.html]
[wpthemebooster.com/demo/themeforest/html/ducatibox/plugins/jquery_ui/images/ui-icons_cc0000_256x240.html]
[wpthemebooster.com/demo/themeforest/html/ducatibox/plugins/jquery_ui/images/ui-icons_777777_256x240.html]
[wpthemebooster.com/demo/themeforest/html/ducatibox/assets/images/background/16.html]
[wpthemebooster.com/demo/themeforest/html/ducatibox/assets/images/background/6.html]
[wpthemebooster.com/demo/themeforest/html/ducatibox/assets/img/more/divider.svg]
[wpthemebooster.com/demo/themeforest/html/ducatibox/assets/img/more/divider-sm.svg]
[wpthemebooster.com/demo/themeforest/html/ducatibox/assets/img/line.html]
